# Generated by goldga. DO NOT EDIT.
[snapshots]
"BetaReconciler when patch success should match the golden file" = '''
- apiVersion: pullup.dev/v1beta1
  kind: ResourceTemplate
  metadata:
    creationTimestamp: null
    name: bar-46
    namespace: foo
    ownerReferences:
    - apiVersion: pullup.dev/v1beta1
      blockOwnerDeletion: true
      controller: true
      kind: HTTPWebhook
      name: bar
      uid: ""
    selfLink: /apis/pullup.dev/v1beta1/namespaces/foo/resourcetemplates/bar-46
  spec:
    data:
      event: {}
    patches:
    - apiVersion: v1
      kind: Pod
      sourceName: bar
    webhookRef:
      apiVersion: pullup.dev/v1beta1
      kind: HTTPWebhook
      name: bar
  status: {}
- apiVersion: pullup.dev/v1beta1
  kind: ResourceTemplate
  metadata:
    creationTimestamp: null
    name: bar-64
    namespace: foo
    ownerReferences:
    - apiVersion: pullup.dev/v1beta1
      blockOwnerDeletion: true
      controller: true
      kind: HTTPWebhook
      name: bar
      uid: ""
    selfLink: /apis/pullup.dev/v1beta1/namespaces/foo/resourcetemplates/bar-64
  spec:
    data:
      event: {}
    patches:
    - apiVersion: v1
      kind: Pod
      sourceName: bar
    webhookRef:
      apiVersion: pullup.dev/v1beta1
      kind: HTTPWebhook
      name: bar
  status: {}
'''
