# Generated by goldga. DO NOT EDIT.
[snapshots]
"AlphaReconciler when patch success should match the golden file" = '''
- apiVersion: pullup.dev/v1alpha1
  kind: ResourceSet
  metadata:
    creationTimestamp: null
    labels:
      pull-request-number: "46"
      webhook-name: bar
    name: bar-46
    namespace: foo
    selfLink: /apis/pullup.dev/v1alpha1/namespaces/foo/resourcesets/bar-46
  spec:
    base: {}
    head: {}
    number: 46
    resources:
    - apiVersion: v1
      kind: Pod
      metadata:
        name: bar
  status: {}
- apiVersion: pullup.dev/v1alpha1
  kind: ResourceSet
  metadata:
    creationTimestamp: null
    labels:
      pull-request-number: "64"
      webhook-name: bar
    name: bar-64
    namespace: foo
    selfLink: /apis/pullup.dev/v1alpha1/namespaces/foo/resourcesets/bar-64
  spec:
    base: {}
    head: {}
    number: 64
    resources:
    - apiVersion: v1
      kind: Pod
      metadata:
        name: bar
  status: {}
'''
