# Generated by goldga. DO NOT EDIT.
[snapshots]
"Reconciler when patch success should match the golden file" = '''
- apiVersion: pullup.dev/v1beta1
  kind: ResourceTemplate
  metadata:
    creationTimestamp: null
    name: bar-46
    namespace: foo
    selfLink: /apis/pullup.dev/v1beta1/namespaces/foo/resourcetemplates/bar-46
  spec:
    data:
      event: {}
    patches:
    - apiVersion: v1
      kind: Pod
      sourceName: bar
    triggerRef:
      apiVersion: pullup.dev/v1beta1
      kind: Trigger
      name: bar
      namespace: foo
  status: {}
- apiVersion: pullup.dev/v1beta1
  kind: ResourceTemplate
  metadata:
    creationTimestamp: null
    name: bar-64
    namespace: foo
    selfLink: /apis/pullup.dev/v1beta1/namespaces/foo/resourcetemplates/bar-64
  spec:
    data:
      event: {}
    patches:
    - apiVersion: v1
      kind: Pod
      sourceName: bar
    triggerRef:
      apiVersion: pullup.dev/v1beta1
      kind: Trigger
      name: bar
      namespace: foo
  status: {}
'''
