# This is a golden file. DO NOT EDIT.
- apiVersion: pullup.dev/v1alpha1
  kind: ResourceSet
  metadata:
    creationTimestamp: "1970-01-01T00:00:00Z"
    labels:
      pull-request-number: "46"
      webhook-name: bar
    name: bar-46
    namespace: foo
    resourceVersion: "0"
    uid: 00000000-0000-0000-0000-000000000000
  spec:
    number: 46
    resources:
    - apiVersion: v1
      kind: Pod
      metadata:
        name: bar
  status: {}
- apiVersion: pullup.dev/v1alpha1
  kind: ResourceSet
  metadata:
    creationTimestamp: "1970-01-01T00:00:00Z"
    labels:
      pull-request-number: "64"
      webhook-name: bar
    name: bar-64
    namespace: foo
    resourceVersion: "0"
    uid: 00000000-0000-0000-0000-000000000000
  spec:
    number: 64
    resources:
    - apiVersion: v1
      kind: Pod
      metadata:
        name: bar
  status: {}
