# This is a golden file. DO NOT EDIT.
/v1, Kind=Pod:
  test/test-46:
    apiVersion: v1
    kind: Pod
    metadata:
      name: test-46
      namespace: test
      ownerReferences:
      - apiVersion: pullup.dev/v1alpha1
        blockOwnerDeletion: true
        controller: true
        kind: ResourceSet
        name: test-46
        uid: c37ee64f-5c69-4c53-8585-adc137d0acca
