# This is a golden file. DO NOT EDIT.
- apiVersion: v1
  kind: Pod
  metadata:
    creationTimestamp: "1970-01-01T00:00:00Z"
    name: test-46
    namespace: test
    ownerReferences:
    - apiVersion: pullup.dev/v1alpha1
      blockOwnerDeletion: true
      controller: true
      kind: ResourceSet
      name: test-46
      uid: c37ee64f-5c69-4c53-8585-adc137d0acca
    resourceVersion: "0"
    uid: 00000000-0000-0000-0000-000000000000
  spec:
    containers:
    - image: gcr.io/test/foo
      name: foo
