# Generated by goldga. DO NOT EDIT.
[snapshots]
"TriggerHandler when EventSourceTrigger.transform is given should match the golden file" = '''
- apiVersion: pullup.dev/v1beta1
  kind: ResourceTemplate
  metadata:
    creationTimestamp: null
    name: trigger-a
    namespace: test
    ownerReferences:
    - apiVersion: pullup.dev/v1beta1
      blockOwnerDeletion: true
      controller: true
      kind: Trigger
      name: trigger-a
      uid: ""
    selfLink: /apis/pullup.dev/v1beta1/namespaces/test/resourcetemplates/trigger-a
  spec:
    data:
      event:
        bar: abc
        foo: xyz
    patches:
    - apiVersion: v1
      kind: Pod
    triggerRef:
      apiVersion: pullup.dev/v1beta1
      kind: Trigger
      name: trigger-a
      namespace: test
  status: {}
'''
"TriggerHandler when multiple triggers should match the golden file" = '''
- apiVersion: pullup.dev/v1beta1
  kind: ResourceTemplate
  metadata:
    creationTimestamp: null
    name: trigger-a
    namespace: test
    ownerReferences:
    - apiVersion: pullup.dev/v1beta1
      blockOwnerDeletion: true
      controller: true
      kind: Trigger
      name: trigger-a
      uid: ""
    selfLink: /apis/pullup.dev/v1beta1/namespaces/test/resourcetemplates/trigger-a
  spec:
    data:
      event: null
    patches:
    - apiVersion: v1
      kind: Pod
      sourceName: pod-a
    triggerRef:
      apiVersion: pullup.dev/v1beta1
      kind: Trigger
      name: trigger-a
      namespace: test
  status: {}
- apiVersion: pullup.dev/v1beta1
  kind: ResourceTemplate
  metadata:
    creationTimestamp: null
    name: trigger-b
    namespace: test
    ownerReferences:
    - apiVersion: pullup.dev/v1beta1
      blockOwnerDeletion: true
      controller: true
      kind: Trigger
      name: trigger-b
      uid: ""
    selfLink: /apis/pullup.dev/v1beta1/namespaces/test/resourcetemplates/trigger-b
  spec:
    data:
      event: null
    patches:
    - apiVersion: v1
      kind: Pod
      sourceName: pod-b
    triggerRef:
      apiVersion: pullup.dev/v1beta1
      kind: Trigger
      name: trigger-b
      namespace: test
  status: {}
'''
"TriggerHandler when schema is given when data matches the schema should match the golden file" = '''
- apiVersion: pullup.dev/v1beta1
  kind: ResourceTemplate
  metadata:
    creationTimestamp: null
    name: trigger-a-bar-123
    namespace: test
    ownerReferences:
    - apiVersion: pullup.dev/v1beta1
      blockOwnerDeletion: true
      controller: true
      kind: Trigger
      name: trigger-a
      uid: ""
    selfLink: /apis/pullup.dev/v1beta1/namespaces/test/resourcetemplates/trigger-a-bar-123
  spec:
    data:
      event:
        bar: 123
        foo: bar
    patches:
    - apiVersion: v1
      kind: Pod
      sourceName: foo
    triggerRef:
      apiVersion: pullup.dev/v1beta1
      kind: Trigger
      name: trigger-a
      namespace: test
  status: {}
'''
"TriggerHandler when single trigger when action = apply when resource does not exist should match the golden file" = '''
- apiVersion: pullup.dev/v1beta1
  kind: ResourceTemplate
  metadata:
    creationTimestamp: null
    name: trigger-a
    namespace: test
    ownerReferences:
    - apiVersion: pullup.dev/v1beta1
      blockOwnerDeletion: true
      controller: true
      kind: Trigger
      name: trigger-a
      uid: ""
    selfLink: /apis/pullup.dev/v1beta1/namespaces/test/resourcetemplates/trigger-a
  spec:
    data:
      event: null
    patches:
    - apiVersion: v1
      kind: Pod
    triggerRef:
      apiVersion: pullup.dev/v1beta1
      kind: Trigger
      name: trigger-a
      namespace: test
  status: {}
'''
"TriggerHandler when single trigger when action = apply when resource exists should match the golden file" = '''
- apiVersion: pullup.dev/v1beta1
  kind: ResourceTemplate
  metadata:
    creationTimestamp: null
    name: trigger-a
    namespace: test
    selfLink: /apis/pullup.dev/v1beta1/namespaces/test/resourcetemplates/trigger-a
  spec:
    data:
      event: null
    patches:
    - apiVersion: v1
      kind: Pod
      sourceName: pod-a
    triggerRef:
      apiVersion: pullup.dev/v1beta1
      kind: Trigger
      name: trigger-a
      namespace: test
  status: {}
'''
"TriggerHandler when single trigger when action = create when resource does not exist should match the golden file" = '''
- apiVersion: pullup.dev/v1beta1
  kind: ResourceTemplate
  metadata:
    creationTimestamp: null
    name: trigger-a
    namespace: test
    ownerReferences:
    - apiVersion: pullup.dev/v1beta1
      blockOwnerDeletion: true
      controller: true
      kind: Trigger
      name: trigger-a
      uid: ""
    selfLink: /apis/pullup.dev/v1beta1/namespaces/test/resourcetemplates/trigger-a
  spec:
    data:
      event: null
    patches:
    - apiVersion: v1
      kind: Pod
    triggerRef:
      apiVersion: pullup.dev/v1beta1
      kind: Trigger
      name: trigger-a
      namespace: test
  status: {}
'''
"TriggerHandler when single trigger when action = create when resource exists should match the golden file" = '''
[]
'''
"TriggerHandler when single trigger when action = update when resource does not exist should match the golden file" = '''
[]
'''
"TriggerHandler when single trigger when action = update when resource exists should match the golden file" = '''
- apiVersion: pullup.dev/v1beta1
  kind: ResourceTemplate
  metadata:
    creationTimestamp: null
    name: trigger-a
    namespace: test
    selfLink: /apis/pullup.dev/v1beta1/namespaces/test/resourcetemplates/trigger-a
  spec:
    data:
      event: null
    patches:
    - apiVersion: v1
      kind: Pod
      sourceName: pod-a
    triggerRef:
      apiVersion: pullup.dev/v1beta1
      kind: Trigger
      name: trigger-a
      namespace: test
  status: {}
'''
"TriggerHandler when trigger in other namespace should match the golden file" = '''
- apiVersion: pullup.dev/v1beta1
  kind: ResourceTemplate
  metadata:
    creationTimestamp: null
    name: foobar-rt
    namespace: test2
    ownerReferences:
    - apiVersion: pullup.dev/v1beta1
      blockOwnerDeletion: true
      controller: true
      kind: Trigger
      name: foobar
      uid: ""
    selfLink: /apis/pullup.dev/v1beta1/namespaces/test2/resourcetemplates/foobar-rt
  spec:
    data:
      event: null
    patches:
    - apiVersion: v1
      kind: Pod
      sourceName: foo
    triggerRef:
      apiVersion: pullup.dev/v1beta1
      kind: Trigger
      name: foobar
      namespace: test2
  status: {}
'''
