# Generated by goldga. DO NOT EDIT.
[snapshots]
"Handler v1alpha1.Webhook when event type is pull request when action = opened when resource set does not exist should match the golden file" = '''
- apiVersion: pullup.dev/v1alpha1
  kind: ResourceSet
  metadata:
    creationTimestamp: null
    labels:
      pull-request-number: "46"
      webhook-name: foobar
    name: foobar-46
    namespace: test
    ownerReferences:
    - apiVersion: pullup.dev/v1alpha1
      blockOwnerDeletion: true
      controller: true
      kind: Webhook
      name: foobar
      uid: ""
    selfLink: /apis/pullup.dev/v1alpha1/namespaces/test/resourcesets/foobar-46
  spec:
    base:
      ref: base
      sha: b436f6eb3356504235c0c9a8e74605c820d8d9cc
    head:
      ref: test
      sha: 0ce4cf0450de14c6555c563fa9d36be67e69aa2f
    number: 46
    resources:
    - apiVersion: v1
      kind: Pod
      metadata:
        name: foo
  status: {}
'''
"Handler v1alpha1.Webhook when event type is pull request when action = opened when resource set exists should match the golden file" = '''
- apiVersion: pullup.dev/v1alpha1
  kind: ResourceSet
  metadata:
    creationTimestamp: null
    labels:
      pull-request-number: "46"
      webhook-name: foobar
    name: foobar-46
    namespace: test
    ownerReferences:
    - apiVersion: pullup.dev/v1alpha1
      blockOwnerDeletion: true
      controller: true
      kind: Webhook
      name: foobar
      uid: ""
    selfLink: /apis/pullup.dev/v1alpha1/namespaces/test/resourcesets/foobar-46
  spec:
    base:
      ref: base
      sha: b436f6eb3356504235c0c9a8e74605c820d8d9cc
    head:
      ref: test
      sha: 0ce4cf0450de14c6555c563fa9d36be67e69aa2f
    number: 46
    resources:
    - apiVersion: v1
      kind: Pod
      metadata:
        name: foo
  status: {}
'''
"Handler v1alpha1.Webhook when event type is pull request when action = reopened when resource set does not exist should match the golden file" = '''
- apiVersion: pullup.dev/v1alpha1
  kind: ResourceSet
  metadata:
    creationTimestamp: null
    labels:
      pull-request-number: "46"
      webhook-name: foobar
    name: foobar-46
    namespace: test
    ownerReferences:
    - apiVersion: pullup.dev/v1alpha1
      blockOwnerDeletion: true
      controller: true
      kind: Webhook
      name: foobar
      uid: ""
    selfLink: /apis/pullup.dev/v1alpha1/namespaces/test/resourcesets/foobar-46
  spec:
    base:
      ref: base
      sha: b436f6eb3356504235c0c9a8e74605c820d8d9cc
    head:
      ref: test
      sha: 0ce4cf0450de14c6555c563fa9d36be67e69aa2f
    number: 46
    resources:
    - apiVersion: v1
      kind: Pod
      metadata:
        name: foo
  status: {}
'''
"Handler v1alpha1.Webhook when event type is pull request when action = reopened when resource set exists should match the golden file" = '''
- apiVersion: pullup.dev/v1alpha1
  kind: ResourceSet
  metadata:
    creationTimestamp: null
    labels:
      pull-request-number: "46"
      webhook-name: foobar
    name: foobar-46
    namespace: test
    ownerReferences:
    - apiVersion: pullup.dev/v1alpha1
      blockOwnerDeletion: true
      controller: true
      kind: Webhook
      name: foobar
      uid: ""
    selfLink: /apis/pullup.dev/v1alpha1/namespaces/test/resourcesets/foobar-46
  spec:
    base:
      ref: base
      sha: b436f6eb3356504235c0c9a8e74605c820d8d9cc
    head:
      ref: test
      sha: 0ce4cf0450de14c6555c563fa9d36be67e69aa2f
    number: 46
    resources:
    - apiVersion: v1
      kind: Pod
      metadata:
        name: foo
  status: {}
'''
"Handler v1alpha1.Webhook when event type is pull request when action = synchronize when resource set does not exist should match the golden file" = '''
- apiVersion: pullup.dev/v1alpha1
  kind: ResourceSet
  metadata:
    creationTimestamp: null
    labels:
      pull-request-number: "46"
      webhook-name: foobar
    name: foobar-46
    namespace: test
    ownerReferences:
    - apiVersion: pullup.dev/v1alpha1
      blockOwnerDeletion: true
      controller: true
      kind: Webhook
      name: foobar
      uid: ""
    selfLink: /apis/pullup.dev/v1alpha1/namespaces/test/resourcesets/foobar-46
  spec:
    base:
      ref: base
      sha: b436f6eb3356504235c0c9a8e74605c820d8d9cc
    head:
      ref: test
      sha: 0ce4cf0450de14c6555c563fa9d36be67e69aa2f
    number: 46
    resources:
    - apiVersion: v1
      kind: Pod
      metadata:
        name: foo
  status: {}
'''
"Handler v1alpha1.Webhook when event type is pull request when action = synchronize when resource set exists should match the golden file" = '''
- apiVersion: pullup.dev/v1alpha1
  kind: ResourceSet
  metadata:
    creationTimestamp: null
    labels:
      pull-request-number: "46"
      webhook-name: foobar
    name: foobar-46
    namespace: test
    ownerReferences:
    - apiVersion: pullup.dev/v1alpha1
      blockOwnerDeletion: true
      controller: true
      kind: Webhook
      name: foobar
      uid: ""
    selfLink: /apis/pullup.dev/v1alpha1/namespaces/test/resourcesets/foobar-46
  spec:
    base:
      ref: base
      sha: b436f6eb3356504235c0c9a8e74605c820d8d9cc
    head:
      ref: test
      sha: 0ce4cf0450de14c6555c563fa9d36be67e69aa2f
    number: 46
    resources:
    - apiVersion: v1
      kind: Pod
      metadata:
        name: foo
  status: {}
'''
"Handler v1alpha1.Webhook when event type is pull request when resource name is set should match the golden file" = '''
- apiVersion: pullup.dev/v1alpha1
  kind: ResourceSet
  metadata:
    creationTimestamp: null
    labels:
      pull-request-number: "46"
      webhook-name: foobar
    name: foobar-bar-46-0ce4cf0450de14c6555c563fa9d36be67e69aa2f
    namespace: test
    ownerReferences:
    - apiVersion: pullup.dev/v1alpha1
      blockOwnerDeletion: true
      controller: true
      kind: Webhook
      name: foobar
      uid: ""
    selfLink: /apis/pullup.dev/v1alpha1/namespaces/test/resourcesets/foobar-bar-46-0ce4cf0450de14c6555c563fa9d36be67e69aa2f
  spec:
    base:
      ref: base
      sha: b436f6eb3356504235c0c9a8e74605c820d8d9cc
    head:
      ref: test
      sha: 0ce4cf0450de14c6555c563fa9d36be67e69aa2f
    number: 46
    resources:
    - apiVersion: v1
      kind: Pod
      metadata:
        name: foo
  status: {}
'''
"Handler v1beta1.GitHubWebhook when event type = pull_request when action = opened when resource does not exist should match the golden file" = '''
- apiVersion: pullup.dev/v1beta1
  kind: ResourceTemplate
  metadata:
    creationTimestamp: null
    name: foobar
    namespace: test
    ownerReferences:
    - apiVersion: pullup.dev/v1beta1
      blockOwnerDeletion: true
      controller: true
      kind: GitHubWebhook
      name: foobar
      uid: ""
    selfLink: /apis/pullup.dev/v1beta1/namespaces/test/resourcetemplates/foobar
  spec:
    data:
      event:
        action: opened
        number: 46
        pull_request:
          base:
            ref: base
            sha: b436f6eb3356504235c0c9a8e74605c820d8d9cc
          head:
            ref: test
            sha: 0ce4cf0450de14c6555c563fa9d36be67e69aa2f
        repository:
          full_name: foo/bar
          name: bar
          owner:
            login: foo
    webhookRef:
      apiVersion: pullup.dev/v1beta1
      kind: GitHubWebhook
      name: foobar
  status: {}
'''
"Handler v1beta1.GitHubWebhook when event type = pull_request when action = opened when resource exists should match the golden file" = '''
- apiVersion: pullup.dev/v1beta1
  kind: ResourceTemplate
  metadata:
    creationTimestamp: null
    name: foobar
    namespace: test
    ownerReferences:
    - apiVersion: pullup.dev/v1beta1
      blockOwnerDeletion: true
      controller: true
      kind: GitHubWebhook
      name: foobar
      uid: ""
    selfLink: /apis/pullup.dev/v1beta1/namespaces/test/resourcetemplates/foobar
  spec:
    data:
      event:
        action: opened
        number: 46
        pull_request:
          base:
            ref: base
            sha: b436f6eb3356504235c0c9a8e74605c820d8d9cc
          head:
            ref: test
            sha: 0ce4cf0450de14c6555c563fa9d36be67e69aa2f
        repository:
          full_name: foo/bar
          name: bar
          owner:
            login: foo
    webhookRef:
      apiVersion: pullup.dev/v1beta1
      kind: GitHubWebhook
      name: foobar
  status: {}
'''
"Handler v1beta1.GitHubWebhook when event type = pull_request when action = reopened when resource does not exist should match the golden file" = '''
- apiVersion: pullup.dev/v1beta1
  kind: ResourceTemplate
  metadata:
    creationTimestamp: null
    name: foobar
    namespace: test
    ownerReferences:
    - apiVersion: pullup.dev/v1beta1
      blockOwnerDeletion: true
      controller: true
      kind: GitHubWebhook
      name: foobar
      uid: ""
    selfLink: /apis/pullup.dev/v1beta1/namespaces/test/resourcetemplates/foobar
  spec:
    data:
      event:
        action: reopened
        number: 46
        pull_request:
          base:
            ref: base
            sha: b436f6eb3356504235c0c9a8e74605c820d8d9cc
          head:
            ref: test
            sha: 0ce4cf0450de14c6555c563fa9d36be67e69aa2f
        repository:
          full_name: foo/bar
          name: bar
          owner:
            login: foo
    webhookRef:
      apiVersion: pullup.dev/v1beta1
      kind: GitHubWebhook
      name: foobar
  status: {}
'''
"Handler v1beta1.GitHubWebhook when event type = pull_request when action = reopened when resource exists should match the golden file" = '''
- apiVersion: pullup.dev/v1beta1
  kind: ResourceTemplate
  metadata:
    creationTimestamp: null
    name: foobar
    namespace: test
    ownerReferences:
    - apiVersion: pullup.dev/v1beta1
      blockOwnerDeletion: true
      controller: true
      kind: GitHubWebhook
      name: foobar
      uid: ""
    selfLink: /apis/pullup.dev/v1beta1/namespaces/test/resourcetemplates/foobar
  spec:
    data:
      event:
        action: reopened
        number: 46
        pull_request:
          base:
            ref: base
            sha: b436f6eb3356504235c0c9a8e74605c820d8d9cc
          head:
            ref: test
            sha: 0ce4cf0450de14c6555c563fa9d36be67e69aa2f
        repository:
          full_name: foo/bar
          name: bar
          owner:
            login: foo
    webhookRef:
      apiVersion: pullup.dev/v1beta1
      kind: GitHubWebhook
      name: foobar
  status: {}
'''
"Handler v1beta1.GitHubWebhook when event type = pull_request when action = synchronize when resource does not exist should match the golden file" = '''
- apiVersion: pullup.dev/v1beta1
  kind: ResourceTemplate
  metadata:
    creationTimestamp: null
    name: foobar
    namespace: test
    ownerReferences:
    - apiVersion: pullup.dev/v1beta1
      blockOwnerDeletion: true
      controller: true
      kind: GitHubWebhook
      name: foobar
      uid: ""
    selfLink: /apis/pullup.dev/v1beta1/namespaces/test/resourcetemplates/foobar
  spec:
    data:
      event:
        action: synchronize
        number: 46
        pull_request:
          base:
            ref: base
            sha: b436f6eb3356504235c0c9a8e74605c820d8d9cc
          head:
            ref: test
            sha: 0ce4cf0450de14c6555c563fa9d36be67e69aa2f
        repository:
          full_name: foo/bar
          name: bar
          owner:
            login: foo
    webhookRef:
      apiVersion: pullup.dev/v1beta1
      kind: GitHubWebhook
      name: foobar
  status: {}
'''
"Handler v1beta1.GitHubWebhook when event type = pull_request when action = synchronize when resource exists should match the golden file" = '''
- apiVersion: pullup.dev/v1beta1
  kind: ResourceTemplate
  metadata:
    creationTimestamp: null
    name: foobar
    namespace: test
    ownerReferences:
    - apiVersion: pullup.dev/v1beta1
      blockOwnerDeletion: true
      controller: true
      kind: GitHubWebhook
      name: foobar
      uid: ""
    selfLink: /apis/pullup.dev/v1beta1/namespaces/test/resourcetemplates/foobar
  spec:
    data:
      event:
        action: synchronize
        number: 46
        pull_request:
          base:
            ref: base
            sha: b436f6eb3356504235c0c9a8e74605c820d8d9cc
          head:
            ref: test
            sha: 0ce4cf0450de14c6555c563fa9d36be67e69aa2f
        repository:
          full_name: foo/bar
          name: bar
          owner:
            login: foo
    webhookRef:
      apiVersion: pullup.dev/v1beta1
      kind: GitHubWebhook
      name: foobar
  status: {}
'''
"Handler v1beta1.GitHubWebhook when event type = pull_request when resourceName is not given should match the golden file" = '''
- apiVersion: pullup.dev/v1beta1
  kind: ResourceTemplate
  metadata:
    creationTimestamp: null
    name: foobar-46
    namespace: test
    ownerReferences:
    - apiVersion: pullup.dev/v1beta1
      blockOwnerDeletion: true
      controller: true
      kind: GitHubWebhook
      name: foobar
      uid: ""
    selfLink: /apis/pullup.dev/v1beta1/namespaces/test/resourcetemplates/foobar-46
  spec:
    data:
      event:
        action: opened
        number: 46
        pull_request:
          base:
            ref: base
            sha: b436f6eb3356504235c0c9a8e74605c820d8d9cc
          head:
            ref: test
            sha: 0ce4cf0450de14c6555c563fa9d36be67e69aa2f
        repository:
          full_name: foo/bar
          name: bar
          owner:
            login: foo
    webhookRef:
      apiVersion: pullup.dev/v1beta1
      kind: GitHubWebhook
      name: foobar
  status: {}
'''
"Handler v1beta1.GitHubWebhook when event type = push when pushing a branch when resource does not exist should match the golden file" = '''
- apiVersion: pullup.dev/v1beta1
  kind: ResourceTemplate
  metadata:
    creationTimestamp: null
    name: foobar
    namespace: test
    ownerReferences:
    - apiVersion: pullup.dev/v1beta1
      blockOwnerDeletion: true
      controller: true
      kind: GitHubWebhook
      name: foobar
      uid: ""
    selfLink: /apis/pullup.dev/v1beta1/namespaces/test/resourcetemplates/foobar
  spec:
    data:
      event:
        head: 0ce4cf0450de14c6555c563fa9d36be67e69aa2f
        ref: refs/heads/test
        repository:
          full_name: foo/bar
          name: bar
          owner:
            login: foo
    webhookRef:
      apiVersion: pullup.dev/v1beta1
      kind: GitHubWebhook
      name: foobar
  status: {}
'''
"Handler v1beta1.GitHubWebhook when event type = push when pushing a branch when resource exists should match the golden file" = '''
- apiVersion: pullup.dev/v1beta1
  kind: ResourceTemplate
  metadata:
    creationTimestamp: null
    name: foobar
    namespace: test
    ownerReferences:
    - apiVersion: pullup.dev/v1beta1
      blockOwnerDeletion: true
      controller: true
      kind: GitHubWebhook
      name: foobar
      uid: ""
    selfLink: /apis/pullup.dev/v1beta1/namespaces/test/resourcetemplates/foobar
  spec:
    data:
      event:
        head: 0ce4cf0450de14c6555c563fa9d36be67e69aa2f
        ref: refs/heads/test
        repository:
          full_name: foo/bar
          name: bar
          owner:
            login: foo
    webhookRef:
      apiVersion: pullup.dev/v1beta1
      kind: GitHubWebhook
      name: foobar
  status: {}
'''
