- apiVersion: apps/v1
  kind: Deployment
  metadata:
    generation: 2
    labels:
      app: test
    name: test-46
    namespace: test
    ownerReferences:
    - apiVersion: pullup.dev/v1alpha1
      blockOwnerDeletion: true
      controller: true
      kind: ResourceSet
      name: test-46
      uid: ""
    selfLink: /apis/apps/v1/namespaces/test/deployments/test-46
  spec:
    progressDeadlineSeconds: 600
    replicas: 1
    revisionHistoryLimit: 10
    selector:
      matchLabels:
        app: test
    strategy:
      rollingUpdate:
        maxSurge: 25%
        maxUnavailable: 25%
      type: RollingUpdate
    template:
      metadata:
        creationTimestamp: null
        labels:
          app: test
      spec:
        containers:
        - args:
          - a3
          - b3
          - c
          image: nginx
          imagePullPolicy: Always
          name: nginx
          resources: {}
          terminationMessagePath: /dev/termination-log
          terminationMessagePolicy: File
        dnsPolicy: ClusterFirst
        restartPolicy: Always
        schedulerName: default-scheduler
        securityContext: {}
        terminationGracePeriodSeconds: 30
  status: {}
