- apiVersion: apps/v1
  kind: Deployment
  metadata:
    generation: 2
    labels:
      app: test
    name: test-46
    namespace: test
    ownerReferences:
    - apiVersion: pullup.dev/v1alpha1
      blockOwnerDeletion: true
      controller: true
      kind: ResourceSet
      name: test-46
      uid: ""
    selfLink: /apis/apps/v1/namespaces/test/deployments/test-46
  spec:
    progressDeadlineSeconds: 600
    replicas: 1
    revisionHistoryLimit: 10
    selector:
      matchLabels:
        app: test
    strategy:
      rollingUpdate:
        maxSurge: 25%
        maxUnavailable: 25%
      type: RollingUpdate
    template:
      metadata:
        creationTimestamp: null
        labels:
          app: test
      spec:
        containers:
        - env:
          - name: A
            value: a2
          - name: B
            value: b2
          - name: C
            value: c1
          image: gcr.io/test/foo:v2
          imagePullPolicy: IfNotPresent
          name: foo
          resources: {}
          terminationMessagePath: /dev/termination-log
          terminationMessagePolicy: File
        dnsPolicy: ClusterFirst
        restartPolicy: Always
        schedulerName: default-scheduler
        securityContext: {}
        terminationGracePeriodSeconds: 30
  status: {}
